RAM Allocation [bytes]
Variable                                                                          Address   Size
------------------------------------------------------------------------------------------------
_7SEGPTRN                                                                         0x0160      10
ptrn                                                                              0x016A       8
food                                                                              0x0172       2
last                                                                              0x0174       2
head                                                                              0x0176     256
map                                                                               0x0276     256

EEPROM Allocation [bytes]
Variable                                                                          Address   Size
------------------------------------------------------------------------------------------------

Register Allocation
Variable                                                                          Register  Size
------------------------------------------------------------------------------------------------
not                                                                               R4,R5        2
dir                                                                               R6,R7        2
lastdir                                                                           R8,R9        2
win                                                                               R2.0      1bit
gameover                                                                          R2.1      1bit
ttt                                                                               R10,R11      2
tt                                                                                R12,R13      2

FLASH Allocation [words]
Function                                                                          Address   Size
------------------------------------------------------------------------------------------------
timer0_ovf_isr                                                                    0x00070     39
timer2_ovf_isr                                                                    0x00097     72
ext_int0_isr                                                                      0x000DF     57
main                                                                              0x00118     46
Initial                                                                           0x00146     77
Logic                                                                             0x00193    152
CHFOD                                                                             0x0022B     53
INC                                                                               0x00260     22
Show                                                                              0x00276      3
UPD                                                                               0x00279     28
SET                                                                               0x00295     33
Show_On_LED                                                                       0x002B6     67
